# Autogenerated by edge_proxy_traefik role. Do not edit manually.
http:
  routers:
    app-one-router:
      entryPoints:
        - web
      rule: "Host(`app-one.example.test`)"
      service: app-one
      tls:
        certResolver: production
    metrics-router:
      entryPoints:
        - web
      rule: "Host(`metrics.example.test`) && PathPrefix(`/metrics`)"
      service: metrics
  services:
    app-one:
      loadBalancer:
        passHostHeader: true
        servers:
          - url: "http://198.51.100.10:8080"
    metrics:
      loadBalancer:
        passHostHeader: true
        servers:
          - url: "https://198.51.100.11:9090"
